_start                           000020
dsys_exit                        000023
dsys_open                        000025
dsys_close                       000027
dsys_chdir                       000031
dsys_getcwd                      000033
dsys_stat                        000035
dsys_dirread                     000037
dsys_unlink                      000041
dsys_rename                      000043
dsys_truncate                    000045
dsys_read_words                  000047
dsys_write_words                 000051
dsys_procinfo                    000053
dsys_meminfo                     000055
dsys_readchar                    000057
dsys_writechar                   000061
dsys_halt                        000063
dsys_chmod                       000065
dsys_dtfs_mount                  000067
dsys_unmount                     000071
dsys_flock                       000073
dsys_dup                         000075
dsys_dup2                        000151
dsys_seek                        000156
dsys_symlink                     000077
dsys_nice                        000101
dsys_run                         000103
dsys_wait                        000105
dsys_getpid                      000107
dsys_procctl                     000111
dsys_pipe                        000113
dsys_exec                        000116
dsys_gettime                     000122
dsys_rtctl                       000125
dsys_logctl                      000131
dsys_storagectl                  000137
dsys_ttyctl                      000143
dsys_utime                       000176
dsys_sleep                       000203
dsys_rmdir                       000172
dsys_chown                       000164
dsys_dtc_read_block              000214
dsys_dtc_write_block             000222
dsys_tsfs_mount                  000230
dsys_d6fs_mount                  000236
dsys_mkfifo                      000207
dsys_mkdir                       000244
main                             000652
